[lovepix.blog/escolhalover/index.html]
[backblue.gif]
[fade.gif]
[index.html]
[lovepix.blog/wp-content/plugins/elementor/assets/css/frontend-lite.min28fc.css]
[lovepix.blog/wp-content/plugins/elementor/assets/lib/swiper/v8/css/swiper.min94a4.css]
[lovepix.blog/wp-content/uploads/elementor/css/post-8f5e9.css]
[lovepix.blog/wp-content/plugins/pro-elements/assets/css/frontend-lite.min93d8.css]
[lovepix.blog/wp-content/uploads/elementor/css/globalf5e9.css]
[lovepix.blog/wp-content/uploads/elementor/css/post-3265a7.css]
[lovepix.blog/wp-content/plugins/essential-addons-for-elementor-lite/assets/front-end/css/view/general.min9cb2.css]
[lovepix.blog/wp-includes/js/jquery/jquery.minf43b.js]
[lovepix.blog/wp-includes/js/jquery/jquery-migrate.min5589.js]
[appsofc.online/modelopixi/02.jpg]
[appsofc.online/modelopixi/04.jpg]
[lovepix.blog/escolhalover/grana.mp3]
[lovepix.blog/escolhalover/js/jquery.js]
[lovepix.blog/escolhalover/js/script.js]
[lovepix.blog/wp-content/plugins/essential-addons-for-elementor-lite/assets/front-end/js/view/general.min9cb2.js]
[lovepix.blog/wp-content/plugins/pro-elements/assets/js/webpack-pro.runtime.min93d8.js]
[lovepix.blog/wp-content/plugins/elementor/assets/js/webpack.runtime.min28fc.js]
[lovepix.blog/wp-content/plugins/elementor/assets/js/frontend-modules.min28fc.js]
[lovepix.blog/wp-includes/js/dist/hooks.min2757.js]
[lovepix.blog/wp-includes/js/dist/i18n.minc33c.js]
[lovepix.blog/wp-content/plugins/pro-elements/assets/js/frontend.min93d8.js]
[lovepix.blog/wp-content/plugins/elementor/assets/lib/waypoints/waypoints.min05da.js]
[lovepix.blog/wp-includes/js/jquery/ui/core.minb37e.js]
[lovepix.blog/wp-content/plugins/elementor/assets/js/frontend.min28fc.js]
[lovepix.blog/wp-content/plugins/pro-elements/assets/js/elements-handlers.min93d8.js]
[lovepix.blog/escolhalover/index.html]
[lovepix.blog/wp-content/plugins/elementor/assets/css/frontend-lite.min28fc.css]
[lovepix.blog/wp-content/plugins/elementor/assets/lib/swiper/v8/css/swiper.min94a4.css]
[lovepix.blog/wp-content/uploads/elementor/css/post-8f5e9.css]
[lovepix.blog/wp-content/plugins/pro-elements/assets/css/frontend-lite.min93d8.css]
[lovepix.blog/wp-content/uploads/elementor/css/globalf5e9.css]
[lovepix.blog/wp-content/uploads/elementor/css/post-3265a7.css]
[lovepix.blog/wp-content/plugins/essential-addons-for-elementor-lite/assets/front-end/css/view/general.min9cb2.css]
[lovepix.blog/wp-includes/js/jquery/jquery.minf43b.js]
[lovepix.blog/wp-includes/js/jquery/jquery-migrate.min5589.js]
[lovepix.blog/escolhalover/grana.html]
[lovepix.blog/escolhalover/js/jquery.html]
[lovepix.blog/escolhalover/js/script.html]
[lovepix.blog/wp-content/plugins/essential-addons-for-elementor-lite/assets/front-end/js/view/general.min9cb2.js]
[lovepix.blog/wp-content/plugins/pro-elements/assets/js/webpack-pro.runtime.min93d8.js]
[lovepix.blog/wp-content/plugins/elementor/assets/js/webpack.runtime.min28fc.js]
[lovepix.blog/wp-content/plugins/elementor/assets/js/frontend-modules.min28fc.js]
[lovepix.blog/wp-includes/js/dist/hooks.min2757.js]
[lovepix.blog/wp-includes/js/dist/i18n.minc33c.js]
[lovepix.blog/wp-content/plugins/pro-elements/assets/js/frontend.min93d8.js]
[lovepix.blog/wp-content/plugins/elementor/assets/lib/waypoints/waypoints.min05da.js]
[lovepix.blog/wp-includes/js/jquery/ui/core.minb37e.js]
[lovepix.blog/escolhalover/-negative.svg]
[lovepix.blog/wp-content/plugins/elementor/assets/js/frontend.min28fc.js]
[lovepix.blog/escolhalover/OPR/index.html]
[lovepix.blog/escolhalover/window.location.href]
[lovepix.blog/wp-content/plugins/pro-elements/assets/js/elements-handlers.min93d8.js]
[lovepix.blog/escolhalover/-negative.html]
[lovepix.blog/escolhalover/OPR/index.html]
[lovepix.blog/escolhalover/window.location.html]
